[2026-09-29 10:24:54] [INFO]: USER_LOGIN: user_id=G23937, major=情報科学科・理系
[2026-09-29 10:24:56] [INFO]: VIEW_TERM: user_id=G23937, term=機密性
[2026-09-29 10:24:58] [INFO]: VIEW_TERM: user_id=G23937, term=機密性
[2026-09-29 10:25:02] [INFO]: QUIZ_START: user_id=G23937, total=11
[2026-09-29 10:26:12] [INFO]: QUIZ_ANSWER: user=G23937, term=真正性, ans=ア, correct=False
[2026-09-29 10:26:18] [INFO]: QUIZ_ANSWER: user=G23937, term=否認防止, ans=ウ, correct=True
[2026-09-29 10:26:22] [INFO]: QUIZ_ANSWER: user=G23937, term=機能要件, ans=エ, correct=False
[2026-09-29 10:26:26] [INFO]: QUIZ_ANSWER: user=G23937, term=可用性, ans=イ, correct=False
[2026-09-29 10:26:29] [INFO]: QUIZ_ANSWER: user=G23937, term=責任追跡性, ans=ウ, correct=False
[2026-09-29 10:26:33] [INFO]: QUIZ_ANSWER: user=G23937, term=信頼性, ans=エ, correct=False
[2026-09-29 10:26:36] [INFO]: QUIZ_ANSWER: user=G23937, term=DFD, ans=エ, correct=False
[2026-09-29 10:26:39] [INFO]: QUIZ_ANSWER: user=G23937, term=機密性, ans=エ, correct=False
[2026-09-29 10:26:42] [INFO]: QUIZ_ANSWER: user=G23937, term=E-R図, ans=イ, correct=False
[2026-09-29 10:26:45] [INFO]: QUIZ_ANSWER: user=G23937, term=UML, ans=エ, correct=False
[2026-09-29 10:26:48] [INFO]: QUIZ_ANSWER: user=G23937, term=完全性, ans=ウ, correct=False
[2026-09-29 10:27:25] [INFO]: VIEW_TERM: user_id=G23937, term=機密性
[2026-09-29 10:27:26] [INFO]: VIEW_TERM: user_id=G23937, term=機密性
[2026-09-29 10:28:51] [INFO]: USER_LOGIN: user_id=G23937, major=情報科学科・理系
[2026-09-29 10:28:56] [INFO]: VIEW_TERM: user_id=G23937, term=機密性
[2026-09-29 10:28:58] [INFO]: VIEW_TERM: user_id=G23937, term=2の補数
[2026-09-29 10:29:10] [INFO]: VIEW_TERM: user_id=G23937, term=AM
[2026-09-29 10:29:14] [INFO]: VIEW_TERM: user_id=G23937, term=AM
[2026-09-29 10:29:17] [INFO]: VIEW_TERM: user_id=G23937, term=BCD
[2026-09-29 14:46:21] [INFO]: USER_LOGIN: user_id=G23937, major=情報科学科・理系
[2026-09-29 14:46:23] [INFO]: VIEW_TERM: user_id=G23937, term=機密性
[2026-09-29 14:46:24] [INFO]: VIEW_TERM: user_id=G23937, term=機密性
[2026-09-29 15:59:35] [INFO]: USER_LOGIN: user_id=G23937, major=情報科学科・理系
[2026-09-29 15:59:38] [INFO]: QUIZ_START: user_id=G23937, total=5
[2026-09-29 15:59:39] [INFO]: QUIZ_ANSWER: user=G23937, term=責任追跡性, ans=ア, correct=False
[2026-09-29 15:59:47] [INFO]: QUIZ_ANSWER: user=G23937, term=真正性, ans=イ, correct=True
[2026-09-29 15:59:51] [INFO]: QUIZ_ANSWER: user=G23937, term=機密性, ans=エ, correct=False
[2026-09-29 15:59:54] [INFO]: QUIZ_ANSWER: user=G23937, term=DFD, ans=ウ, correct=False
[2026-09-29 15:59:57] [INFO]: QUIZ_ANSWER: user=G23937, term=否認防止, ans=ウ, correct=True
[2026-09-29 16:00:03] [INFO]: VIEW_TERM: user_id=G23937, term=機密性
[2026-09-29 16:00:13] [INFO]: VIEW_TERM: user_id=G23937, term=機密性
[2026-09-29 16:01:12] [INFO]: USER_LOGIN: user_id=G23937, major=情報科学科・理系
[2026-09-29 16:01:17] [INFO]: VIEW_TERM: user_id=G23937, term=機密性
[2026-09-29 16:01:17] [INFO]: VIEW_TERM: user_id=G23937, term=機密性
[2026-10-06 08:21:08] [INFO]: USER_LOGIN: user_id=G23937, major=情報科学科・理系
[2026-10-06 08:21:13] [INFO]: VIEW_TERM: user_id=G23937, term=機密性
[2026-10-06 08:21:16] [INFO]: VIEW_TERM: user_id=G23937, term=2の補数
[2026-10-06 08:21:28] [INFO]: VIEW_TERM: user_id=G23937, term=2分探索木
[2026-10-06 08:21:31] [INFO]: VIEW_TERM: user_id=G23937, term=2の補数
[2026-10-06 08:21:37] [INFO]: VIEW_TERM: user_id=G23937, term=CCB
[2026-10-06 08:21:40] [INFO]: VIEW_TERM: user_id=G23937, term=ASP
[2026-10-06 08:35:43] [INFO]: USER_LOGIN: user_id=G23937, major=情報科学科・理系
[2026-10-06 08:36:07] [INFO]: USER_LOGIN: user_id=ABC, major=文系・初学者
[2026-10-06 08:36:10] [INFO]: VIEW_TERM: user_id=ABC, term=機密性
[2026-10-06 08:36:12] [INFO]: VIEW_TERM: user_id=ABC, term=2の補数
[2026-10-06 08:36:20] [INFO]: VIEW_TERM: user_id=ABC, term=可用性
[2026-10-06 08:37:21] [INFO]: VIEW_TERM: user_id=ABC, term=否認防止
[2026-10-06 08:38:04] [INFO]: VIEW_TERM: user_id=ABC, term=否認防止
[2026-10-06 08:38:08] [INFO]: VIEW_TERM: user_id=ABC, term=完全性
[2026-10-06 08:38:37] [INFO]: VIEW_TERM: user_id=ABC, term=完全性
[2026-10-06 08:38:39] [INFO]: VIEW_TERM: user_id=ABC, term=3-2-1ルール
[2026-10-06 08:38:48] [INFO]: VIEW_TERM: user_id=ABC, term=3-2-1ルール
[2026-10-06 08:38:51] [INFO]: VIEW_TERM: user_id=ABC, term=真正性
[2026-10-06 08:39:45] [INFO]: USER_LOGIN: user_id=ABC, major=文系・初学者
[2026-10-06 08:39:48] [INFO]: USER_DELETED: user_id=ABC
[2026-10-06 14:49:53] [INFO]: USER_LOGIN: user_id=G23937, major=情報科学科・理系
[2026-10-06 15:32:36] [INFO]: USER_LOGIN: user_id=G23937, major=情報科学科・理系
[2026-10-06 15:32:39] [INFO]: CONTENT_VIEW: user=G23937, term=機密性, type=metaphor
[2026-10-06 15:32:42] [INFO]: CONTENT_VIEW: user=G23937, term=機密性, type=example
[2026-10-06 15:32:44] [INFO]: CONTENT_VIEW: user=G23937, term=機密性, type=official
[2026-10-06 15:33:15] [INFO]: CONTENT_VIEW: user=G23937, term=可用性, type=metaphor
[2026-10-06 15:33:16] [INFO]: CONTENT_VIEW: user=G23937, term=可用性, type=example
[2026-10-06 15:33:17] [INFO]: CONTENT_VIEW: user=G23937, term=可用性, type=official
[2026-10-06 15:33:29] [INFO]: USER_LOGIN: user_id=aaa, major=文系・初学者
[2026-10-06 15:33:31] [INFO]: CONTENT_VIEW: user=aaa, term=可用性, type=metaphor
[2026-10-06 15:33:34] [INFO]: CONTENT_VIEW: user=aaa, term=可用性, type=example
[2026-10-06 15:33:43] [INFO]: CONTENT_VIEW: user=aaa, term=可用性, type=metaphor
[2026-10-06 15:33:46] [INFO]: CONTENT_VIEW: user=aaa, term=可用性, type=example
[2026-10-06 15:33:46] [INFO]: CONTENT_VIEW: user=aaa, term=可用性, type=official
[2026-10-06 15:33:48] [INFO]: CONTENT_VIEW: user=aaa, term=完全性, type=metaphor
[2026-10-06 15:33:52] [INFO]: CONTENT_VIEW: user=aaa, term=完全性, type=metaphor
[2026-10-06 15:33:53] [INFO]: CONTENT_VIEW: user=aaa, term=完全性, type=example
[2026-10-06 15:33:54] [INFO]: CONTENT_VIEW: user=aaa, term=完全性, type=official
[2026-10-06 15:35:03] [INFO]: USER_LOGIN: user_id=G23937, major=情報科学科・理系
[2026-10-06 15:35:05] [INFO]: CONTENT_VIEW: user=G23937, term=機密性, type=metaphor
[2026-10-06 15:35:17] [INFO]: CONTENT_VIEW: user=G23937, term=可用性, type=metaphor
[2026-10-06 15:37:01] [INFO]: USER_LOGIN: user_id=G23937, major=情報科学科・理系
[2026-10-06 15:37:03] [INFO]: CONTENT_VIEW: user=G23937, term=機密性, type=metaphor
[2026-10-06 15:37:05] [INFO]: CONTENT_VIEW: user=G23937, term=2の補数, type=metaphor
[2026-10-06 15:37:07] [INFO]: CONTENT_VIEW: user=G23937, term=2の補数, type=example
[2026-10-06 15:37:08] [INFO]: CONTENT_VIEW: user=G23937, term=2の補数, type=official
[2026-10-06 15:37:30] [INFO]: CONTENT_VIEW: user=G23937, term=中間言語, type=metaphor
[2026-10-06 15:37:31] [INFO]: CONTENT_VIEW: user=G23937, term=中間言語, type=official
[2026-10-06 16:01:21] [INFO]: USER_LOGIN: user_id=G23937, major=情報科学科・理系
[2026-10-06 16:02:25] [INFO]: QUIZ_START: user_id=G23937, total=71
[2026-10-06 16:02:27] [INFO]: QUIZ_ANSWER: user=G23937, term=個人情報保護法, ans=ア, correct=False
[2026-10-06 16:02:34] [INFO]: QUIZ_ANSWER: user=G23937, term=デッドロック, ans=ア, correct=True
[2026-10-06 16:07:06] [INFO]: QUIZ_ANSWER: user=G23937, term=HAVING, ans=ア, correct=False
[2026-10-06 16:07:21] [INFO]: QUIZ_ANSWER: user=G23937, term=実効アクセス時間, ans=ウ, correct=False
[2026-10-06 16:09:19] [INFO]: CONTENT_VIEW: user=G23937, term=機密性, type=metaphor
[2026-10-06 16:09:20] [INFO]: CONTENT_VIEW: user=G23937, term=機密性, type=metaphor
[2026-10-06 16:10:07] [INFO]: QUIZ_ANSWER: user=G23937, term=XSS, ans=ウ, correct=False
[2026-10-06 16:10:38] [INFO]: QUIZ_ANSWER: user=G23937, term=不正アクセス禁止法, ans=ア, correct=False
